// Jest Snapshot v1, https://goo.gl/fbAQLP

exports[`default tasks 1`] = `
{
  "//": "~~ Generated by projen. To modify, edit .projenrc.js and run "npx projen".",
  "tasks": {
    "build": {
      "description": "Full release build",
      "name": "build",
      "steps": [
        {
          "spawn": "default",
        },
        {
          "spawn": "pre-compile",
        },
        {
          "spawn": "compile",
        },
        {
          "spawn": "post-compile",
        },
        {
          "spawn": "test",
        },
        {
          "spawn": "package",
        },
      ],
    },
    "compile": {
      "alsoRun": [
        "pre-compile",
        "post-compile",
      ],
      "description": "Only compile",
      "name": "compile",
      "runFirst": [
        "pre-compile",
      ],
    },
    "default": {
      "description": "Synthesize project files",
      "name": "default",
    },
    "eject": {
      "description": "Remove projen from the project",
      "env": {
        "PROJEN_EJECTING": "true",
      },
      "name": "eject",
      "steps": [
        {
          "spawn": "default",
        },
      ],
    },
    "package": {
      "description": "Creates the distribution package",
      "name": "package",
    },
    "post-compile": {
      "description": "Runs after successful compilation",
      "name": "post-compile",
      "runFirst": [
        "compile",
      ],
    },
    "pre-compile": {
      "description": "Prepare the project for compilation",
      "name": "pre-compile",
    },
    "test": {
      "description": "Run tests",
      "name": "test",
    },
  },
}
`;
